#! /usr/bin/vvp
:ivl_version "12.0 (stable)";
:ivl_delay_selection "TYPICAL";
:vpi_time_precision - 12;
:vpi_module "/usr/lib64/ivl/system.vpi";
:vpi_module "/usr/lib64/ivl/vhdl_sys.vpi";
:vpi_module "/usr/lib64/ivl/vhdl_textio.vpi";
:vpi_module "/usr/lib64/ivl/v2005_math.vpi";
:vpi_module "/usr/lib64/ivl/va_math.vpi";
S_0x563d8fa1d6d0 .scope module, "sequence_Detecter_tb" "sequence_Detecter_tb" 2 16;
 .timescale -9 -12;
v0x563d8fa37210_0 .var "a", 0 0;
v0x563d8fa372d0_0 .var "clk", 0 0;
v0x563d8fa37370_0 .net "q", 0 0, v0x563d8fa36fc0_0;  1 drivers
v0x563d8fa37470_0 .var "reset", 0 0;
S_0x563d8fa1d860 .scope module, "dut" "sequence_Detecter" 2 26, 3 23 0, S_0x563d8fa1d6d0;
 .timescale 0 0;
    .port_info 0 /INPUT 1 "a";
    .port_info 1 /INPUT 1 "clk";
    .port_info 2 /INPUT 1 "reset";
    .port_info 3 /OUTPUT 1 "q";
P_0x563d8f9e1dd0 .param/l "S0" 1 3 31, C4<00>;
P_0x563d8f9e1e10 .param/l "S1" 1 3 32, C4<01>;
P_0x563d8f9e1e50 .param/l "S2" 1 3 33, C4<10>;
v0x563d8fa073d0_0 .var "NS", 1 0;
v0x563d8fa08cf0_0 .var "PS", 1 0;
v0x563d8fa36e60_0 .net "a", 0 0, v0x563d8fa37210_0;  1 drivers
v0x563d8fa36f00_0 .net "clk", 0 0, v0x563d8fa372d0_0;  1 drivers
v0x563d8fa36fc0_0 .var "q", 0 0;
v0x563d8fa370d0_0 .net "reset", 0 0, v0x563d8fa37470_0;  1 drivers
E_0x563d8fa18e60 .event anyedge, v0x563d8fa08cf0_0, v0x563d8fa36e60_0;
E_0x563d8fa19380 .event posedge, v0x563d8fa36f00_0;
    .scope S_0x563d8fa1d860;
T_0 ;
    %wait E_0x563d8fa18e60;
    %load/vec4 v0x563d8fa08cf0_0;
    %dup/vec4;
    %pushi/vec4 0, 0, 2;
    %cmp/u;
    %jmp/1 T_0.0, 6;
    %dup/vec4;
    %pushi/vec4 1, 0, 2;
    %cmp/u;
    %jmp/1 T_0.1, 6;
    %dup/vec4;
    %pushi/vec4 2, 0, 2;
    %cmp/u;
    %jmp/1 T_0.2, 6;
    %pushi/vec4 0, 0, 2;
    %store/vec4 v0x563d8fa073d0_0, 0, 2;
    %jmp T_0.4;
T_0.0 ;
    %load/vec4 v0x563d8fa36e60_0;
    %flag_set/vec4 8;
    %jmp/0xz  T_0.5, 8;
    %pushi/vec4 1, 0, 2;
    %store/vec4 v0x563d8fa073d0_0, 0, 2;
    %jmp T_0.6;
T_0.5 ;
    %pushi/vec4 0, 0, 2;
    %store/vec4 v0x563d8fa073d0_0, 0, 2;
T_0.6 ;
    %jmp T_0.4;
T_0.1 ;
    %load/vec4 v0x563d8fa36e60_0;
    %flag_set/vec4 8;
    %jmp/0xz  T_0.7, 8;
    %pushi/vec4 1, 0, 2;
    %store/vec4 v0x563d8fa073d0_0, 0, 2;
    %jmp T_0.8;
T_0.7 ;
    %pushi/vec4 2, 0, 2;
    %store/vec4 v0x563d8fa073d0_0, 0, 2;
T_0.8 ;
    %jmp T_0.4;
T_0.2 ;
    %load/vec4 v0x563d8fa36e60_0;
    %flag_set/vec4 8;
    %jmp/0xz  T_0.9, 8;
    %pushi/vec4 1, 0, 2;
    %store/vec4 v0x563d8fa073d0_0, 0, 2;
    %jmp T_0.10;
T_0.9 ;
    %pushi/vec4 0, 0, 2;
    %store/vec4 v0x563d8fa073d0_0, 0, 2;
T_0.10 ;
    %jmp T_0.4;
T_0.4 ;
    %pop/vec4 1;
    %jmp T_0;
    .thread T_0, $push;
    .scope S_0x563d8fa1d860;
T_1 ;
    %wait E_0x563d8fa19380;
    %load/vec4 v0x563d8fa370d0_0;
    %flag_set/vec4 8;
    %jmp/0xz  T_1.0, 8;
    %pushi/vec4 0, 0, 2;
    %assign/vec4 v0x563d8fa08cf0_0, 0;
    %jmp T_1.1;
T_1.0 ;
    %load/vec4 v0x563d8fa073d0_0;
    %assign/vec4 v0x563d8fa08cf0_0, 0;
T_1.1 ;
    %jmp T_1;
    .thread T_1;
    .scope S_0x563d8fa1d860;
T_2 ;
    %wait E_0x563d8fa18e60;
    %pushi/vec4 0, 0, 1;
    %store/vec4 v0x563d8fa36fc0_0, 0, 1;
    %load/vec4 v0x563d8fa08cf0_0;
    %dup/vec4;
    %pushi/vec4 2, 0, 2;
    %cmp/u;
    %jmp/1 T_2.0, 6;
    %pushi/vec4 0, 0, 1;
    %store/vec4 v0x563d8fa36fc0_0, 0, 1;
    %jmp T_2.2;
T_2.0 ;
    %load/vec4 v0x563d8fa36e60_0;
    %flag_set/vec4 8;
    %jmp/0 T_2.3, 8;
    %pushi/vec4 1, 0, 1;
    %jmp/1 T_2.4, 8;
T_2.3 ; End of true expr.
    %pushi/vec4 0, 0, 1;
    %jmp/0 T_2.4, 8;
 ; End of false expr.
    %blend;
T_2.4;
    %store/vec4 v0x563d8fa36fc0_0, 0, 1;
    %jmp T_2.2;
T_2.2 ;
    %pop/vec4 1;
    %jmp T_2;
    .thread T_2, $push;
    .scope S_0x563d8fa1d6d0;
T_3 ;
    %pushi/vec4 0, 0, 1;
    %store/vec4 v0x563d8fa372d0_0, 0, 1;
    %end;
    .thread T_3;
    .scope S_0x563d8fa1d6d0;
T_4 ;
    %delay 5000, 0;
    %load/vec4 v0x563d8fa372d0_0;
    %inv;
    %store/vec4 v0x563d8fa372d0_0, 0, 1;
    %jmp T_4;
    .thread T_4;
    .scope S_0x563d8fa1d6d0;
T_5 ;
    %vpi_call 2 40 "$dumpfile", "Code/Verilog/sequence_Detecter.vcd" {0 0 0};
    %vpi_call 2 42 "$dumpvars", 32'sb00000000000000000000000000000000, S_0x563d8fa1d6d0 {0 0 0};
    %end;
    .thread T_5;
    .scope S_0x563d8fa1d6d0;
T_6 ;
    %pushi/vec4 0, 0, 1;
    %store/vec4 v0x563d8fa37210_0, 0, 1;
    %pushi/vec4 1, 0, 1;
    %store/vec4 v0x563d8fa37470_0, 0, 1;
    %delay 20000, 0;
    %pushi/vec4 0, 0, 1;
    %store/vec4 v0x563d8fa37470_0, 0, 1;
    %delay 10000, 0;
    %pushi/vec4 1, 0, 1;
    %store/vec4 v0x563d8fa37210_0, 0, 1;
    %delay 10000, 0;
    %pushi/vec4 1, 0, 1;
    %store/vec4 v0x563d8fa37210_0, 0, 1;
    %delay 10000, 0;
    %pushi/vec4 0, 0, 1;
    %store/vec4 v0x563d8fa37210_0, 0, 1;
    %delay 10000, 0;
    %pushi/vec4 1, 0, 1;
    %store/vec4 v0x563d8fa37210_0, 0, 1;
    %delay 10000, 0;
    %pushi/vec4 0, 0, 1;
    %store/vec4 v0x563d8fa37210_0, 0, 1;
    %delay 10000, 0;
    %pushi/vec4 1, 0, 1;
    %store/vec4 v0x563d8fa37210_0, 0, 1;
    %delay 10000, 0;
    %pushi/vec4 1, 0, 1;
    %store/vec4 v0x563d8fa37210_0, 0, 1;
    %delay 10000, 0;
    %pushi/vec4 0, 0, 1;
    %store/vec4 v0x563d8fa37210_0, 0, 1;
    %delay 10000, 0;
    %pushi/vec4 1, 0, 1;
    %store/vec4 v0x563d8fa37210_0, 0, 1;
    %delay 10000, 0;
    %pushi/vec4 0, 0, 1;
    %store/vec4 v0x563d8fa37210_0, 0, 1;
    %delay 10000, 0;
    %pushi/vec4 0, 0, 1;
    %store/vec4 v0x563d8fa37210_0, 0, 1;
    %delay 10000, 0;
    %pushi/vec4 1, 0, 1;
    %store/vec4 v0x563d8fa37210_0, 0, 1;
    %delay 10000, 0;
    %pushi/vec4 0, 0, 1;
    %store/vec4 v0x563d8fa37210_0, 0, 1;
    %delay 10000, 0;
    %pushi/vec4 1, 0, 1;
    %store/vec4 v0x563d8fa37210_0, 0, 1;
    %delay 50000, 0;
    %vpi_call 2 76 "$display", "[%0t] Testbench finished", $time {0 0 0};
    %vpi_call 2 77 "$finish" {0 0 0};
    %end;
    .thread T_6;
    .scope S_0x563d8fa1d6d0;
T_7 ;
    %vpi_call 2 82 "$display", "Time(ns)  clk a reset q" {0 0 0};
    %vpi_call 2 83 "$monitor", "%8t  %3b  %b   %b     %b", $time, v0x563d8fa372d0_0, v0x563d8fa37210_0, v0x563d8fa37470_0, v0x563d8fa37370_0 {0 0 0};
    %end;
    .thread T_7;
# The file index is used to find the file name in the following table.
:file_names 4;
    "N/A";
    "<interactive>";
    "sequence_Detecter_tb.v";
    "sequence_Detecter.v";
